✓ tokens: 64 токенов → CSS + TS

  [32m[1mVITE[22m v8.3.0[39m  [2mready in [0m[1m975[22m[2m[0m ms[22m

  [32m➜[39m  [1mLocal[22m:   [36mhttp://127.0.0.1:[1m5173[22m/[39m
[2m1:28:28 PM[22m [36m[1m[vite][22m[39m [90m[2m(client)[22m[39m [32mhmr update [39m[2m/src/styles/index.css[22m
[2m1:28:31 PM[22m [36m[1m[vite][22m[39m [90m[2m(client)[22m[39m [32mhmr update [39m[2m/src/styles/index.css[22m
[2m1:28:31 PM[22m [36m[1m[vite][22m[39m [90m[2m(client)[22m[39m [32mhmr update [39m[2m/src/styles/index.css, /src/components/Hero.tsx, /src/components/Depth.tsx, /src/components/Field.tsx, /src/components/Nav.tsx, /src/components/ui/MagneticButton.tsx, /src/components/Scale.tsx, /src/components/Hold.tsx, /src/components/Footer.tsx, /src/components/Chronicle.tsx, /src/components/SettingsModal.tsx, /src/components/ui/Reveal.tsx[22m
[2m1:28:34 PM[22m [36m[1m[vite][22m[39m [90m[2m(client)[22m[39m [32mhmr update [39m[2m/src/styles/index.css[22m
[2m1:28:36 PM[22m [36m[1m[vite][22m[39m [90m[2m(client)[22m[39m [32mhmr update [39m[2m/src/styles/index.css[22m
[2m1:28:36 PM[22m [36m[1m[vite][22m[39m [90m[2m(client)[22m[39m [32mhmr update [39m[2m/src/styles/index.css, /src/components/Hero.tsx, /src/components/Depth.tsx, /src/components/Field.tsx, /src/components/Nav.tsx, /src/components/ui/MagneticButton.tsx, /src/components/Scale.tsx, /src/components/Hold.tsx, /src/components/Footer.tsx, /src/components/Chronicle.tsx, /src/components/SettingsModal.tsx, /src/components/ui/Reveal.tsx[22m
[2m1:28:49 PM[22m [36m[1m[vite][22m[39m [90m[2m(client)[22m[39m [32mhmr update [39m[2m/src/styles/index.css, /src/components/SettingsModal.tsx[22m
[2m1:29:37 PM[22m [36m[1m[vite][22m[39m [90m[2m(client)[22m[39m [32mhmr update [39m[2m/src/styles/index.css[22m
[2m1:30:02 PM[22m [36m[1m[vite][22m[39m [90m[2m(client)[22m[39m [32mhmr update [39m[2m/src/styles/index.css[22m
[2m1:30:02 PM[22m [36m[1m[vite][22m[39m [90m[2m(client)[22m[39m [32mhmr update [39m[2m/src/styles/index.css, /src/components/Hero.tsx, /src/components/Depth.tsx, /src/components/Field.tsx, /src/components/Nav.tsx, /src/components/ui/MagneticButton.tsx, /src/components/Scale.tsx, /src/components/Hold.tsx, /src/components/Footer.tsx, /src/components/Chronicle.tsx, /src/components/SettingsModal.tsx, /src/components/ui/Reveal.tsx[22m
[2m1:30:10 PM[22m [36m[1m[vite][22m[39m [90m[2m(client)[22m[39m [32mhmr update [39m[2m/src/styles/index.css[22m
[2m1:30:10 PM[22m [36m[1m[vite][22m[39m [90m[2m(client)[22m[39m [32mhmr update [39m[2m/src/styles/index.css, /src/components/Hero.tsx, /src/components/Depth.tsx, /src/components/Field.tsx, /src/components/Nav.tsx, /src/components/ui/MagneticButton.tsx, /src/components/Scale.tsx, /src/components/Hold.tsx, /src/components/Footer.tsx, /src/components/Chronicle.tsx, /src/components/SettingsModal.tsx, /src/components/ui/Reveal.tsx[22m
[2m1:42:04 PM[22m [36m[1m[vite][22m[39m [90m[2m(client)[22m[39m [32mhmr update [39m[2m/src/components/Chronicle.tsx, /src/styles/index.css[22m
[2m1:42:16 PM[22m [36m[1m[vite][22m[39m [90m[2m(client)[22m[39m [32mhmr update [39m[2m/src/components/Chronicle.tsx, /src/styles/index.css[22m
[2m1:43:05 PM[22m [36m[1m[vite][22m[39m [90m[2m(client)[22m[39m [32mhmr update [39m[2m/src/components/Chronicle.tsx, /src/styles/index.css[22m
[2m1:43:18 PM[22m [36m[1m[vite][22m[39m [90m[2m(client)[22m[39m [32mhmr update [39m[2m/src/components/Chronicle.tsx, /src/styles/index.css[22m
[2m1:43:52 PM[22m [36m[1m[vite][22m[39m [90m[2m(client)[22m[39m [32mhmr update [39m[2m/src/components/Chronicle.tsx, /src/styles/index.css[22m
[2m1:44:10 PM[22m [36m[1m[vite][22m[39m [90m[2m(client)[22m[39m [32mhmr update [39m[2m/src/components/Chronicle.tsx, /src/styles/index.css[22m
[2m1:44:50 PM[22m [36m[1m[vite][22m[39m [90m[2m(client)[22m[39m [32mhmr update [39m[2m/src/components/Chronicle.tsx, /src/styles/index.css[22m
[2m1:45:51 PM[22m [36m[1m[vite][22m[39m [90m[2m(client)[22m[39m [32mhmr update [39m[2m/src/components/Chronicle.tsx, /src/styles/index.css[22m
[2m1:46:00 PM[22m [36m[1m[vite][22m[39m [90m[2m(client)[22m[39m [32mhmr update [39m[2m/src/styles/index.css[22m
[2m1:46:13 PM[22m [36m[1m[vite][22m[39m [90m[2m(client)[22m[39m [32mhmr update [39m[2m/src/styles/index.css[22m
[2m1:46:13 PM[22m [36m[1m[vite][22m[39m [90m[2m(client)[22m[39m [32mhmr update [39m[2m/src/styles/index.css, /src/components/Hero.tsx, /src/components/Depth.tsx, /src/components/Field.tsx, /src/components/Nav.tsx, /src/components/ui/MagneticButton.tsx, /src/components/Scale.tsx, /src/components/Hold.tsx, /src/components/Footer.tsx, /src/components/SettingsModal.tsx, /src/components/ui/Reveal.tsx, /src/components/Chronicle.tsx[22m
[2m1:46:43 PM[22m [36m[1m[vite][22m[39m [90m[2m(client)[22m[39m [32mhmr update [39m[2m/src/styles/index.css[22m
[2m1:46:43 PM[22m [36m[1m[vite][22m[39m [90m[2m(client)[22m[39m [32mhmr update [39m[2m/src/styles/index.css, /src/components/Hero.tsx, /src/components/Depth.tsx, /src/components/Field.tsx, /src/components/Nav.tsx, /src/components/ui/MagneticButton.tsx, /src/components/Scale.tsx, /src/components/Hold.tsx, /src/components/Footer.tsx, /src/components/SettingsModal.tsx, /src/components/ui/Reveal.tsx, /src/components/Chronicle.tsx[22m
[2m1:46:51 PM[22m [36m[1m[vite][22m[39m [90m[2m(client)[22m[39m [32mhmr update [39m[2m/src/styles/index.css[22m
[2m1:46:51 PM[22m [36m[1m[vite][22m[39m [90m[2m(client)[22m[39m [32mhmr update [39m[2m/src/styles/index.css, /src/components/Hero.tsx, /src/components/Depth.tsx, /src/components/Field.tsx, /src/components/Nav.tsx, /src/components/ui/MagneticButton.tsx, /src/components/Scale.tsx, /src/components/Hold.tsx, /src/components/Footer.tsx, /src/components/SettingsModal.tsx, /src/components/ui/Reveal.tsx, /src/components/Chronicle.tsx[22m
[2m1:47:38 PM[22m [36m[1m[vite][22m[39m [90m[2m(client)[22m[39m [32mpage reload [39m[2mpublic/__visual-frame.html[22m
[2m1:48:17 PM[22m [36m[1m[vite][22m[39m [90m[2m(client)[22m[39m [32mhmr update [39m[2m/src/components/Chronicle.tsx, /src/styles/index.css[22m
[2m1:49:28 PM[22m [36m[1m[vite][22m[39m [90m[2m(client)[22m[39m [32mpage reload [39m[2mpublic/__visual-frame.html[22m
[2m1:49:37 PM[22m [36m[1m[vite][22m[39m [90m[2m(client)[22m[39m [32mhmr update [39m[2m/src/styles/index.css[22m
[2m1:49:37 PM[22m [36m[1m[vite][22m[39m [90m[2m(client)[22m[39m [32mhmr update [39m[2m/src/styles/index.css, /src/components/Hero.tsx, /src/components/Depth.tsx, /src/components/Field.tsx, /src/components/Nav.tsx, /src/components/ui/MagneticButton.tsx, /src/components/Scale.tsx, /src/components/Hold.tsx, /src/components/Footer.tsx, /src/components/SettingsModal.tsx, /src/components/ui/Reveal.tsx, /src/components/Chronicle.tsx[22m
[2m1:49:44 PM[22m [36m[1m[vite][22m[39m [90m[2m(client)[22m[39m [32mhmr update [39m[2m/src/styles/index.css[22m
[2m1:49:44 PM[22m [36m[1m[vite][22m[39m [90m[2m(client)[22m[39m [32mhmr update [39m[2m/src/styles/index.css, /src/components/Hero.tsx, /src/components/Depth.tsx, /src/components/Field.tsx, /src/components/Nav.tsx, /src/components/ui/MagneticButton.tsx, /src/components/Scale.tsx, /src/components/Hold.tsx, /src/components/Footer.tsx, /src/components/SettingsModal.tsx, /src/components/ui/Reveal.tsx, /src/components/Chronicle.tsx[22m
[2m1:54:17 PM[22m [36m[1m[vite][22m[39m [90m[2m(client)[22m[39m [32mhmr update [39m[2m/src/components/Hold.tsx, /src/styles/index.css[22m
[2m1:54:42 PM[22m [36m[1m[vite][22m[39m [90m[2m(client)[22m[39m [32mhmr update [39m[2m/src/App.tsx, /src/styles/index.css[22m
[2m1:54:43 PM[22m [36m[1m[vite][22m[39m [90m[2m(client)[22m[39m [32mhmr update [39m[2m/src/components/Nav.tsx, /src/styles/index.css[22m
[2m1:54:43 PM[22m [36m[1m[vite][22m[39m [90m[2m(client)[22m[39m [32mhmr update [39m[2m/src/components/Footer.tsx, /src/styles/index.css[22m
[2m1:56:48 PM[22m [36m[1m[vite][22m[39m [90m[2m(client)[22m[39m [32mhmr update [39m[2m/src/styles/index.css, /src/components/Noise.tsx[22m
[2m1:56:54 PM[22m [36m[1m[vite][22m[39m [90m[2m(client)[22m[39m [32mhmr update [39m[2m/src/styles/index.css[22m
[2m1:57:07 PM[22m [36m[1m[vite][22m[39m [90m[2m(client)[22m[39m [32mhmr update [39m[2m/src/styles/index.css[22m
[2m1:57:07 PM[22m [36m[1m[vite][22m[39m [90m[2m(client)[22m[39m [32mhmr update [39m[2m/src/styles/index.css, /src/components/Hero.tsx, /src/components/Depth.tsx, /src/components/Field.tsx, /src/components/Nav.tsx, /src/components/ui/MagneticButton.tsx, /src/components/Scale.tsx, /src/components/Footer.tsx, /src/components/SettingsModal.tsx, /src/components/ui/Reveal.tsx, /src/components/Chronicle.tsx, /src/components/Noise.tsx[22m
[2m1:57:46 PM[22m [36m[1m[vite][22m[39m [90m[2m(client)[22m[39m [32mhmr update [39m[2m/src/styles/index.css[22m
[2m1:57:46 PM[22m [36m[1m[vite][22m[39m [90m[2m(client)[22m[39m [32mhmr update [39m[2m/src/styles/index.css, /src/components/Hero.tsx, /src/components/Depth.tsx, /src/components/Field.tsx, /src/components/Nav.tsx, /src/components/ui/MagneticButton.tsx, /src/components/Scale.tsx, /src/components/Footer.tsx, /src/components/SettingsModal.tsx, /src/components/ui/Reveal.tsx, /src/components/Chronicle.tsx, /src/components/Noise.tsx[22m
[2m1:58:07 PM[22m [36m[1m[vite][22m[39m [90m[2m(client)[22m[39m [32mhmr update [39m[2m/src/styles/index.css[22m
[2m1:58:07 PM[22m [36m[1m[vite][22m[39m [90m[2m(client)[22m[39m [32mhmr update [39m[2m/src/styles/index.css, /src/components/Hero.tsx, /src/components/Depth.tsx, /src/components/Field.tsx, /src/components/Nav.tsx, /src/components/ui/MagneticButton.tsx, /src/components/Scale.tsx, /src/components/Footer.tsx, /src/components/SettingsModal.tsx, /src/components/ui/Reveal.tsx, /src/components/Chronicle.tsx, /src/components/Noise.tsx[22m
[2m1:58:56 PM[22m [36m[1m[vite][22m[39m [90m[2m(client)[22m[39m [32mhmr update [39m[2m/src/styles/index.css[22m
[2m1:59:04 PM[22m [36m[1m[vite][22m[39m [90m[2m(client)[22m[39m [32mhmr update [39m[2m/src/styles/index.css[22m
[2m1:59:04 PM[22m [36m[1m[vite][22m[39m [90m[2m(client)[22m[39m [32mhmr update [39m[2m/src/styles/index.css, /src/components/Hero.tsx, /src/components/Depth.tsx, /src/components/Field.tsx, /src/components/Nav.tsx, /src/components/ui/MagneticButton.tsx, /src/components/Scale.tsx, /src/components/Footer.tsx, /src/components/SettingsModal.tsx, /src/components/ui/Reveal.tsx, /src/components/Chronicle.tsx, /src/components/Noise.tsx[22m
[2m1:59:19 PM[22m [36m[1m[vite][22m[39m [90m[2m(client)[22m[39m [32mhmr update [39m[2m/src/styles/index.css[22m
[2m1:59:19 PM[22m [36m[1m[vite][22m[39m [90m[2m(client)[22m[39m [32mhmr update [39m[2m/src/styles/index.css, /src/components/Hero.tsx, /src/components/Depth.tsx, /src/components/Field.tsx, /src/components/Nav.tsx, /src/components/ui/MagneticButton.tsx, /src/components/Scale.tsx, /src/components/Footer.tsx, /src/components/SettingsModal.tsx, /src/components/ui/Reveal.tsx, /src/components/Chronicle.tsx, /src/components/Noise.tsx[22m
[2m1:59:32 PM[22m [36m[1m[vite][22m[39m [90m[2m(client)[22m[39m [32mhmr update [39m[2m/src/styles/index.css[22m
[2m1:59:32 PM[22m [36m[1m[vite][22m[39m [90m[2m(client)[22m[39m [32mhmr update [39m[2m/src/styles/index.css, /src/components/Hero.tsx, /src/components/Depth.tsx, /src/components/Field.tsx, /src/components/Nav.tsx, /src/components/ui/MagneticButton.tsx, /src/components/Scale.tsx, /src/components/Footer.tsx, /src/components/SettingsModal.tsx, /src/components/ui/Reveal.tsx, /src/components/Chronicle.tsx, /src/components/Noise.tsx[22m
[2m1:59:48 PM[22m [36m[1m[vite][22m[39m [90m[2m(client)[22m[39m [32mhmr update [39m[2m/src/styles/index.css[22m
[2m1:59:55 PM[22m [36m[1m[vite][22m[39m [90m[2m(client)[22m[39m [32mhmr update [39m[2m/src/styles/index.css[22m
[2m1:59:55 PM[22m [36m[1m[vite][22m[39m [90m[2m(client)[22m[39m [32mhmr update [39m[2m/src/styles/index.css, /src/components/Hero.tsx, /src/components/Depth.tsx, /src/components/Field.tsx, /src/components/Nav.tsx, /src/components/ui/MagneticButton.tsx, /src/components/Scale.tsx, /src/components/Footer.tsx, /src/components/SettingsModal.tsx, /src/components/ui/Reveal.tsx, /src/components/Chronicle.tsx, /src/components/Noise.tsx[22m
[2m2:00:15 PM[22m [36m[1m[vite][22m[39m [90m[2m(client)[22m[39m [32mhmr update [39m[2m/src/styles/index.css[22m
[2m2:00:15 PM[22m [36m[1m[vite][22m[39m [90m[2m(client)[22m[39m [32mhmr update [39m[2m/src/styles/index.css, /src/components/Hero.tsx, /src/components/Depth.tsx, /src/components/Field.tsx, /src/components/Nav.tsx, /src/components/ui/MagneticButton.tsx, /src/components/Scale.tsx, /src/components/Footer.tsx, /src/components/SettingsModal.tsx, /src/components/ui/Reveal.tsx, /src/components/Chronicle.tsx, /src/components/Noise.tsx[22m
[2m2:00:34 PM[22m [36m[1m[vite][22m[39m [90m[2m(client)[22m[39m [32mhmr update [39m[2m/src/styles/index.css[22m
[2m2:00:34 PM[22m [36m[1m[vite][22m[39m [90m[2m(client)[22m[39m [32mhmr update [39m[2m/src/styles/index.css, /src/components/Hero.tsx, /src/components/Depth.tsx, /src/components/Field.tsx, /src/components/Nav.tsx, /src/components/ui/MagneticButton.tsx, /src/components/Scale.tsx, /src/components/Footer.tsx, /src/components/SettingsModal.tsx, /src/components/ui/Reveal.tsx, /src/components/Chronicle.tsx, /src/components/Noise.tsx[22m
[2m2:00:53 PM[22m [36m[1m[vite][22m[39m [90m[2m(client)[22m[39m [32mpage reload [39m[2mpublic/__visual-frame.html[22m
[2m2:01:23 PM[22m [36m[1m[vite][22m[39m [90m[2m(client)[22m[39m [32mhmr update [39m[2m/src/styles/index.css, /src/components/Noise.tsx[22m
[2m2:01:40 PM[22m [36m[1m[vite][22m[39m [90m[2m(client)[22m[39m [32mhmr update [39m[2m/src/styles/index.css, /src/components/Noise.tsx[22m
[2m2:02:25 PM[22m [36m[1m[vite][22m[39m [90m[2m(client)[22m[39m [32mhmr update [39m[2m/src/styles/index.css[22m
[2m2:02:25 PM[22m [36m[1m[vite][22m[39m [90m[2m(client)[22m[39m [32mhmr update [39m[2m/src/styles/index.css, /src/components/Hero.tsx, /src/components/Depth.tsx, /src/components/Field.tsx, /src/components/Nav.tsx, /src/components/ui/MagneticButton.tsx, /src/components/Scale.tsx, /src/components/Footer.tsx, /src/components/SettingsModal.tsx, /src/components/ui/Reveal.tsx, /src/components/Chronicle.tsx, /src/components/Noise.tsx[22m
[2m2:02:33 PM[22m [36m[1m[vite][22m[39m [90m[2m(client)[22m[39m [32mhmr update [39m[2m/src/styles/index.css[22m
[2m2:02:33 PM[22m [36m[1m[vite][22m[39m [90m[2m(client)[22m[39m [32mhmr update [39m[2m/src/styles/index.css, /src/components/Hero.tsx, /src/components/Depth.tsx, /src/components/Field.tsx, /src/components/Nav.tsx, /src/components/ui/MagneticButton.tsx, /src/components/Scale.tsx, /src/components/Footer.tsx, /src/components/SettingsModal.tsx, /src/components/ui/Reveal.tsx, /src/components/Chronicle.tsx, /src/components/Noise.tsx[22m
[2m2:03:54 PM[22m [36m[1m[vite][22m[39m [90m[2m(client)[22m[39m [32mhmr update [39m[2m/src/styles/index.css[22m
[2m2:04:15 PM[22m [36m[1m[vite][22m[39m [90m[2m(client)[22m[39m [32mhmr update [39m[2m/src/styles/index.css[22m
[2m2:04:15 PM[22m [36m[1m[vite][22m[39m [90m[2m(client)[22m[39m [32mhmr update [39m[2m/src/styles/index.css, /src/components/Hero.tsx, /src/components/Depth.tsx, /src/components/Field.tsx, /src/components/Nav.tsx, /src/components/ui/MagneticButton.tsx, /src/components/Scale.tsx, /src/components/Footer.tsx, /src/components/SettingsModal.tsx, /src/components/ui/Reveal.tsx, /src/components/Chronicle.tsx, /src/components/Noise.tsx[22m
[2m2:04:35 PM[22m [36m[1m[vite][22m[39m [90m[2m(client)[22m[39m [32mhmr update [39m[2m/src/styles/index.css[22m
[2m2:04:35 PM[22m [36m[1m[vite][22m[39m [90m[2m(client)[22m[39m [32mhmr update [39m[2m/src/styles/index.css, /src/components/Hero.tsx, /src/components/Depth.tsx, /src/components/Field.tsx, /src/components/Nav.tsx, /src/components/ui/MagneticButton.tsx, /src/components/Scale.tsx, /src/components/Footer.tsx, /src/components/SettingsModal.tsx, /src/components/ui/Reveal.tsx, /src/components/Chronicle.tsx, /src/components/Noise.tsx[22m
[2m2:04:54 PM[22m [36m[1m[vite][22m[39m [90m[2m(client)[22m[39m [32mhmr update [39m[2m/src/styles/index.css[22m
[2m2:04:54 PM[22m [36m[1m[vite][22m[39m [90m[2m(client)[22m[39m [32mhmr update [39m[2m/src/styles/index.css, /src/components/Hero.tsx, /src/components/Depth.tsx, /src/components/Field.tsx, /src/components/Nav.tsx, /src/components/ui/MagneticButton.tsx, /src/components/Scale.tsx, /src/components/Footer.tsx, /src/components/SettingsModal.tsx, /src/components/ui/Reveal.tsx, /src/components/Chronicle.tsx, /src/components/Noise.tsx[22m
[2m2:06:20 PM[22m [36m[1m[vite][22m[39m [90m[2m(client)[22m[39m [32mhmr update [39m[2m/src/styles/index.css, /src/components/Noise.tsx[22m
[2m2:06:25 PM[22m [36m[1m[vite][22m[39m [90m[2m(client)[22m[39m [32mhmr update [39m[2m/src/styles/index.css, /src/components/Noise.tsx[22m
[2m2:06:36 PM[22m [36m[1m[vite][22m[39m [90m[2m(client)[22m[39m [32mhmr update [39m[2m/src/components/Protocol.tsx, /src/styles/index.css[22m
[2m2:06:42 PM[22m [36m[1m[vite][22m[39m [90m[2m(client)[22m[39m [32mhmr update [39m[2m/src/components/Protocol.tsx, /src/styles/index.css[22m
[2m2:06:46 PM[22m [36m[1m[vite][22m[39m [90m[2m(client)[22m[39m [32mhmr update [39m[2m/src/components/Protocol.tsx, /src/styles/index.css[22m
[2m2:06:52 PM[22m [36m[1m[vite][22m[39m [90m[2m(client)[22m[39m [32mhmr update [39m[2m/src/components/Protocol.tsx, /src/styles/index.css[22m
[2m2:06:56 PM[22m [36m[1m[vite][22m[39m [90m[2m(client)[22m[39m [32mhmr update [39m[2m/src/components/Protocol.tsx, /src/styles/index.css[22m
[2m2:07:05 PM[22m [36m[1m[vite][22m[39m [90m[2m(client)[22m[39m [32mhmr update [39m[2m/src/components/Protocol.tsx, /src/styles/index.css[22m
[2m2:08:12 PM[22m [36m[1m[vite][22m[39m [90m[2m(client)[22m[39m [32mhmr update [39m[2m/src/components/Protocol.tsx, /src/styles/index.css[22m
[2m2:09:07 PM[22m [36m[1m[vite][22m[39m [90m[2m(client)[22m[39m [32mhmr update [39m[2m/src/components/Protocol.tsx, /src/styles/index.css[22m
[2m2:09:27 PM[22m [36m[1m[vite][22m[39m [90m[2m(client)[22m[39m [32mhmr update [39m[2m/src/styles/index.css[22m
[2m2:09:35 PM[22m [36m[1m[vite][22m[39m [90m[2m(client)[22m[39m [32mhmr update [39m[2m/src/styles/index.css[22m
[2m2:09:35 PM[22m [36m[1m[vite][22m[39m [90m[2m(client)[22m[39m [32mhmr update [39m[2m/src/styles/index.css, /src/components/Hero.tsx, /src/components/Depth.tsx, /src/components/Field.tsx, /src/components/Nav.tsx, /src/components/ui/MagneticButton.tsx, /src/components/Scale.tsx, /src/components/Footer.tsx, /src/components/SettingsModal.tsx, /src/components/ui/Reveal.tsx, /src/components/Chronicle.tsx, /src/components/Noise.tsx, /src/components/Protocol.tsx[22m
[2m2:09:55 PM[22m [36m[1m[vite][22m[39m [90m[2m(client)[22m[39m [32mhmr update [39m[2m/src/styles/index.css[22m
[2m2:09:55 PM[22m [36m[1m[vite][22m[39m [90m[2m(client)[22m[39m [32mhmr update [39m[2m/src/styles/index.css, /src/components/Hero.tsx, /src/components/Depth.tsx, /src/components/Field.tsx, /src/components/Nav.tsx, /src/components/ui/MagneticButton.tsx, /src/components/Scale.tsx, /src/components/Footer.tsx, /src/components/SettingsModal.tsx, /src/components/ui/Reveal.tsx, /src/components/Chronicle.tsx, /src/components/Noise.tsx, /src/components/Protocol.tsx[22m
[2m2:10:01 PM[22m [36m[1m[vite][22m[39m [90m[2m(client)[22m[39m [32mhmr update [39m[2m/src/styles/index.css[22m
[2m2:10:01 PM[22m [36m[1m[vite][22m[39m [90m[2m(client)[22m[39m [32mhmr update [39m[2m/src/styles/index.css, /src/components/Hero.tsx, /src/components/Depth.tsx, /src/components/Field.tsx, /src/components/Nav.tsx, /src/components/ui/MagneticButton.tsx, /src/components/Scale.tsx, /src/components/Footer.tsx, /src/components/SettingsModal.tsx, /src/components/ui/Reveal.tsx, /src/components/Chronicle.tsx, /src/components/Noise.tsx, /src/components/Protocol.tsx[22m
[2m2:12:08 PM[22m [36m[1m[vite][22m[39m [90m[2m(client)[22m[39m [32mhmr update [39m[2m/src/components/Objections.tsx, /src/styles/index.css[22m
[2m2:12:53 PM[22m [36m[1m[vite][22m[39m [90m[2m(client)[22m[39m [32mhmr update [39m[2m/src/styles/index.css[22m
[2m2:13:03 PM[22m [36m[1m[vite][22m[39m [90m[2m(client)[22m[39m [32mhmr update [39m[2m/src/styles/index.css[22m
[2m2:13:03 PM[22m [36m[1m[vite][22m[39m [90m[2m(client)[22m[39m [32mhmr update [39m[2m/src/styles/index.css, /src/components/Hero.tsx, /src/components/Depth.tsx, /src/components/Field.tsx, /src/components/Nav.tsx, /src/components/ui/MagneticButton.tsx, /src/components/Scale.tsx, /src/components/Footer.tsx, /src/components/SettingsModal.tsx, /src/components/ui/Reveal.tsx, /src/components/Objections.tsx, /src/components/Chronicle.tsx, /src/components/Noise.tsx, /src/components/Protocol.tsx[22m
[2m2:13:25 PM[22m [36m[1m[vite][22m[39m [90m[2m(client)[22m[39m [32mhmr update [39m[2m/src/styles/index.css[22m
[2m2:13:25 PM[22m [36m[1m[vite][22m[39m [90m[2m(client)[22m[39m [32mhmr update [39m[2m/src/styles/index.css, /src/components/Hero.tsx, /src/components/Depth.tsx, /src/components/Field.tsx, /src/components/Nav.tsx, /src/components/ui/MagneticButton.tsx, /src/components/Scale.tsx, /src/components/Footer.tsx, /src/components/SettingsModal.tsx, /src/components/ui/Reveal.tsx, /src/components/Objections.tsx, /src/components/Chronicle.tsx, /src/components/Noise.tsx, /src/components/Protocol.tsx[22m
[2m2:13:32 PM[22m [36m[1m[vite][22m[39m [90m[2m(client)[22m[39m [32mhmr update [39m[2m/src/styles/index.css[22m
[2m2:13:32 PM[22m [36m[1m[vite][22m[39m [90m[2m(client)[22m[39m [32mhmr update [39m[2m/src/styles/index.css, /src/components/Hero.tsx, /src/components/Depth.tsx, /src/components/Field.tsx, /src/components/Nav.tsx, /src/components/ui/MagneticButton.tsx, /src/components/Scale.tsx, /src/components/Footer.tsx, /src/components/SettingsModal.tsx, /src/components/ui/Reveal.tsx, /src/components/Objections.tsx, /src/components/Chronicle.tsx, /src/components/Noise.tsx, /src/components/Protocol.tsx[22m
[2m2:15:30 PM[22m [36m[1m[vite][22m[39m [90m[2m(client)[22m[39m [32mpage reload [39m[2mpublic/__visual-frame.html[22m
[2m2:15:30 PM[22m [36m[1m[vite][22m[39m [90m[2m(client)[22m[39m [32mhmr update [39m[2m/src/styles/index.css[22m
[2m2:15:30 PM[22m [36m[1m[vite][22m[39m [90m[2m(client)[22m[39m [32mhmr update [39m[2m/src/styles/index.css[22m
[2m2:16:13 PM[22m [36m[1m[vite][22m[39m [90m[2m(client)[22m[39m [32mpage reload [39m[2mpublic/favicon.svg[22m
[2m2:16:13 PM[22m [36m[1m[vite][22m[39m [90m[2m(client)[22m[39m [32mpage reload [39m[2mpublic/robots.txt[22m
[2m2:16:20 PM[22m [36m[1m[vite][22m[39m [90m[2m(client)[22m[39m [32mhmr update [39m[2m/src/styles/index.css[22m
[2m2:16:20 PM[22m [36m[1m[vite][22m[39m [90m[2m(client)[22m[39m [32mhmr update [39m[2m/src/styles/index.css, /src/components/Hero.tsx, /src/components/Depth.tsx, /src/components/Field.tsx, /src/components/Nav.tsx, /src/components/ui/MagneticButton.tsx, /src/components/Scale.tsx, /src/components/Footer.tsx, /src/components/SettingsModal.tsx, /src/components/ui/Reveal.tsx, /src/components/Objections.tsx, /src/components/Chronicle.tsx, /src/components/Noise.tsx, /src/components/Protocol.tsx[22m
[2m2:16:28 PM[22m [36m[1m[vite][22m[39m [90m[2m(client)[22m[39m [32mhmr update [39m[2m/src/styles/index.css[22m
[2m2:16:28 PM[22m [36m[1m[vite][22m[39m [90m[2m(client)[22m[39m [32mhmr update [39m[2m/src/styles/index.css, /src/components/Hero.tsx, /src/components/Depth.tsx, /src/components/Field.tsx, /src/components/Nav.tsx, /src/components/ui/MagneticButton.tsx, /src/components/Scale.tsx, /src/components/Footer.tsx, /src/components/SettingsModal.tsx, /src/components/ui/Reveal.tsx, /src/components/Objections.tsx, /src/components/Chronicle.tsx, /src/components/Noise.tsx, /src/components/Protocol.tsx[22m
